// Jest Snapshot v1, https://goo.gl/fbAQLP

exports[`Button renders correctly 1`] = `
.c0 {
  font-size: 18px;
  border: none;
  border-radius: 8px;
  padding: 15px 50px;
  background-color: gray;
}

.c0:hover {
  cursor: pointer;
}

.c0:focus {
  outline: none;
}

.c1 {
  margin: 0;
  font-family: 'Airbnb-Cereal';
}

<button
  action={[Function]}
  className="c0"
  onClick={[Function]}
  size="md"
  style={Object {}}
>
  <p
    className="c1"
    style={Object {}}
  >
    Button
  </p>
</button>
`;
