// Jest Snapshot v1, https://goo.gl/fbAQLP

exports[`Base Button renders correctly 1`] = `
.c0 {
  border-radius: 8px;
  font-size: 18px;
  border: none;
  padding: 15px 22px;
}

.c0:hover {
  cursor: pointer;
}

.c0:focus {
  outline: none;
}

<button
  action={[Function]}
  className="c0"
  onClick={[Function]}
>
  test
</button>
`;
