// Jest Snapshot v1, https://goo.gl/fbAQLP

exports[`Base Card renders correctly with title 1`] = `
.c0 {
  border-radius: 16px;
  max-height: -webkit-min-content;
  max-height: -moz-min-content;
  max-height: min-content;
  box-shadow: rgba(0,0,0,0.15) 0px 2px 8px;
}

.c1 {
  object-fit: cover;
}

.c1 > img {
  border-top-left-radius: 16px;
  border-top-right-radius: 16px;
}

.c3 {
  padding: 0 18px 12px 18px;
}

.c2 {
  width: 100%;
}

.c4 {
  margin: 0;
  font-family: 'Airbnb-Cereal';
  padding-top: 2px;
  font-size: 13px;
  font-weight: 300;
  line-height: 1.4;
}

<div
  className="c0"
  style={Object {}}
>
  <div
    className="c1"
    style={Object {}}
  >
    <img
      alt="card-image"
      className="c2"
      src="card1.jpg"
    />
  </div>
  <div
    className="c3"
    style={Object {}}
  >
    <p
      className="c4"
      style={Object {}}
    >
      test description
    </p>
  </div>
</div>
`;

exports[`Base Card renders correctly without title 1`] = `
.c0 {
  border-radius: 16px;
  max-height: -webkit-min-content;
  max-height: -moz-min-content;
  max-height: min-content;
  box-shadow: rgba(0,0,0,0.15) 0px 2px 8px;
}

.c1 {
  object-fit: cover;
}

.c1 > img {
  border-top-left-radius: 16px;
  border-top-right-radius: 16px;
}

.c3 {
  padding: 0 18px 12px 18px;
}

.c2 {
  width: 100%;
}

.c4 {
  margin: 0;
  font-family: 'Airbnb-Cereal';
  padding-top: 2px;
  font-size: 13px;
  font-weight: 300;
  line-height: 1.4;
}

<div
  className="c0"
  style={Object {}}
>
  <div
    className="c1"
    style={Object {}}
  >
    <img
      alt="card-image"
      className="c2"
      src="card1.jpg"
    />
  </div>
  <div
    className="c3"
    style={Object {}}
  >
    <p
      className="c4"
      style={Object {}}
    >
      test description
    </p>
  </div>
</div>
`;
