// Jest Snapshot v1, https://goo.gl/fbAQLP

exports[`Search Button renders correctly 1`] = `
.c1 {
  height: 32px;
  width: 32px;
  display: -webkit-box;
  display: -webkit-flex;
  display: -ms-flexbox;
  display: flex;
  -webkit-align-items: center;
  -webkit-box-align: center;
  -ms-flex-align: center;
  align-items: center;
  -webkit-box-pack: center;
  -webkit-justify-content: center;
  -ms-flex-pack: center;
  justify-content: center;
}

.c0 {
  border-radius: 8px;
  font-size: 18px;
  border: none;
  background-color: #ff385c;
  border: none;
  padding: 8px;
  color: white;
  border-radius: 50%;
  -webkit-transition: 0.8s;
  transition: 0.8s;
}

.c0:hover {
  background-color: rgb(215,4,102);
}

.c0:hover {
  cursor: pointer;
}

.c0:focus {
  outline: none;
}

.c2 {
  display: -webkit-box;
  display: -webkit-flex;
  display: -ms-flexbox;
  display: flex;
  -webkit-align-items: center;
  -webkit-box-align: center;
  -ms-flex-align: center;
  align-items: center;
  -webkit-box-pack: center;
  -webkit-justify-content: center;
  -ms-flex-pack: center;
  justify-content: center;
  position: relative;
}

.c2 svg {
  width: 14px;
  height: 14px;
  stroke: white;
}

.c2 svg path {
  fill: white;
  stroke-width: 2;
}

<button
  action={[Function]}
  className="c0"
  onClick={[Function]}
>
  <div
    className="c1"
  >
    <div
      className="c2"
    >
      <svg
        viewBox="0 0 56.966 56.966"
      >
        <path
          d="M55.146,51.887L41.588,37.786c3.486-4.144,5.396-9.358,5.396-14.786c0-12.682-10.318-23-23-23s-23,10.318-23,23 s10.318,23,23,23c4.761,0,9.298-1.436,13.177-4.162l13.661,14.208c0.571,0.593,1.339,0.92,2.162,0.92 c0.779,0,1.518-0.297,2.079-0.837C56.255,54.982,56.293,53.08,55.146,51.887z M23.984,6c9.374,0,17,7.626,17,17s-7.626,17-17,17 s-17-7.626-17-17S14.61,6,23.984,6z"
        />
      </svg>
    </div>
  </div>
</button>
`;
