// Jest Snapshot v1, https://goo.gl/fbAQLP

exports[`Cookie Button renders correctly 1`] = `
.c0 {
  font-size: 18px;
  border: none;
  border-radius: 8px;
  color: #ffffff;
  padding: 14px 20px;
  font-size: 16px;
  -webkit-letter-spacing: 1.1;
  -moz-letter-spacing: 1.1;
  -ms-letter-spacing: 1.1;
  letter-spacing: 1.1;
  font-weight: 300;
  white-space: nowrap;
  min-width: none;
  margin-top: 25px;
}

.c0:hover {
  cursor: pointer;
}

.c0:focus {
  outline: none;
}

.c1 {
  margin: 0;
  font-family: 'Airbnb-Cereal';
}

@media (min-width:992px) {
  .c0 {
    min-width: 125px;
    width: 100%;
    margin-top: initial;
  }
}

<button
  action={[Function]}
  className="c0"
  onClick={[Function]}
  style={Object {}}
>
  <p
    className="c1"
    style={Object {}}
  />
</button>
`;
