// Jest Snapshot v1, https://goo.gl/fbAQLP

exports[`Search Button renders correctly 1`] = `
.c0 {
  border-radius: 8px;
  font-size: 18px;
  border: none;
}

.c0:hover {
  cursor: pointer;
}

.c0:focus {
  outline: none;
}

.c3 {
  display: -webkit-box;
  display: -webkit-flex;
  display: -ms-flexbox;
  display: flex;
  -webkit-align-items: center;
  -webkit-box-align: center;
  -ms-flex-align: center;
  align-items: center;
  -webkit-box-pack: center;
  -webkit-justify-content: center;
  -ms-flex-pack: center;
  justify-content: center;
}

.c5 {
  width: 100%;
}

.c6 {
  margin: 0;
  font-family: 'Airbnb-Cereal';
}

.c1 {
  background-color: rgb(215,4,102);
  border: none;
  padding: 15px 22px;
  color: white;
  border-radius: 8px;
  -webkit-transition: 0.8s;
  transition: 0.8s;
}

.c1:hover {
  background-color: #ff385c;
}

.c2 {
  display: -webkit-box;
  display: -webkit-flex;
  display: -ms-flexbox;
  display: flex;
  -webkit-align-items: center;
  -webkit-box-align: center;
  -ms-flex-align: center;
  align-items: center;
  -webkit-box-pack: center;
  -webkit-justify-content: center;
  -ms-flex-pack: center;
  justify-content: center;
}

.c4 {
  position: relative;
  margin-right: 8px;
}

.c4 svg {
  width: 14px;
  height: 14px;
  stroke: white;
}

.c4 svg path {
  fill: white;
  stroke-width: 2;
}

.c7 {
  font-weight: 300;
  font-size: 16px;
}

<button
  action={[Function]}
  className="c0 c1"
  onClick={[Function]}
  style={Object {}}
>
  <div
    className="c2"
    style={Object {}}
  >
    <div
      className="c3 c4"
      style={Object {}}
    >
      <svg
        className="c5"
      />
    </div>
    <p
      className="c6 c7"
      style={Object {}}
    >
      Search
    </p>
  </div>
</button>
`;
